Generazione 0
Generazione 1
Errore nell'esecuzione di g16 per tmp/individuo_9614.gjf: Error: segmentation violation
   rax 0x0000000000000000, rbx 0xffffffffffffffff, rcx 0x000014c3b556b0f7
   rdx 0x000000000000000e, rsp 0x00007fff50529268, rbp 0x00007fff505297e0
   rsi 0x000000000000000b, rdi 0x0000000000007620, r8  0x000000000000000e
   r9  0x0000000000000022, r10 0xffffffffffffff97, r11 0x0000000000000202
   r12 0x00007fff50529828, r13 0x0000000000000000, r14 0x0000000000000000
   r15 0x00000000000003e6
  /lib/x86_64-linux-gnu/libpthread.so.0(+0x13140) [0x14c3b585d140]
  /lib/x86_64-linux-gnu/libc.so.6(kill+0x7) [0x14c3b556b0f7]
  /opt/g16.c01/g16/l1.exe() [0x406e15]
  /lib/x86_64-linux-gnu/libc.so.6(__libc_start_main+0xea) [0x14c3b5555d7a]
  /opt/g16.c01/g16/l1.exe() [0x406d19]
Aborted

Generazione 2
Generazione 3
Generazione 4
Generazione 5
Generazione 6
Generazione 7
Generazione 8
Generazione 9
Generazione 10
Generazione 11
Generazione 12
Generazione 13
Generazione 14
Generazione 15
Generazione 16
Generazione 17
Generazione 18
Generazione 19
Algoritmo completato.
